
======================================================================
TESTE 1: Validacao de contexto minimo
======================================================================
1. Cimento (laje + externa): True (esperado: True)
2. Cimento (laje sem ambiente): False (esperado: False)
3. Cimento (sem aplicacao): False (esperado: False)

======================================================================
TESTE 2: 'quero cimento' nao deve inferir contexto
======================================================================

[Usuario] quero cimento
Traceback (most recent call last):
  File "C:\Users\Rougg\Documents\projeto_chatbot\test_simple_validation.py", line 54, in <module>
    print(f"[Bot] {reply}\n")
  File "C:\Users\Rougg\AppData\Local\Programs\Python\Python311\Lib\encodings\cp1252.py", line 19, in encode
    return codecs.charmap_encode(input,self.errors,encoding_table)[0]
           ^^^^^^^^^^^^^^^^^^^^^^^^^^^^^^^^^^^^^^^^^^^^^^^^^^^^^^^
UnicodeEncodeError: 'charmap' codec can't encode character '\U0001f44d' in position 12: character maps to <undefined>
